// Jest Snapshot v1, https://goo.gl/fbAQLP

exports[`File header component Testing the correct month is displayed 1`] = `
<div
  className="flex justify-between items-center"
>
  <h1
    className="text-4xl pt-4 text-left font-rubik"
  >
    Results for the 
    January 2019
  </h1>
  <div>
    Viewing mode: 
    <u>
      Balance
    </u>
    . Switch to view 
    <u>
      Insights
    </u>
  </div>
</div>
`;
