// Jest Snapshot v1, https://goo.gl/fbAQLP

exports[`File header component Testing the correct month is displayed 1`] = `
<div
  className="flex justify-between items-center"
>
  <div
    className="pb-3"
  >
    <h1
      className="text-4xl pt-4 text-left font-rubik"
    >
      January 2019
    </h1>
  </div>
  <ul
    className="flex overlap-tabs"
  >
    <li
      className="pr-2 text-xl font-bold bg-gray-100 p-3 rounded-tl-lg border border-b-0 border-green-300"
    >
      Insights
    </li>
    <li
      className="text-xl font-bold bg-white p-3 rounded-tr-lg border border-l-0 border-b-0 border-green-300"
    >
      Balance
    </li>
  </ul>
</div>
`;
